[INFO] Scanning for projects...
[INFO] 
[INFO] ---------------< com.krushikranti:krushikranti-backend >----------------
[INFO] Building KrushiKranti Backend 1.0.0-SNAPSHOT
[INFO]   from pom.xml
[INFO] --------------------------------[ jar ]---------------------------------
[INFO] 
[INFO] --- resources:3.3.1:resources (default-resources) @ krushikranti-backend ---
[INFO] Copying 2 resources from src\main\resources to target\classes
[INFO] Copying 1 resource from src\main\resources to target\classes
[INFO] 
[INFO] --- compiler:3.13.0:compile (default-compile) @ krushikranti-backend ---
[INFO] Recompiling the module because of changed source code.
[INFO] Compiling 76 source files with javac [debug parameters release 21] to target\classes
[INFO] -------------------------------------------------------------
[ERROR] COMPILATION ERROR : 
[INFO] -------------------------------------------------------------
[ERROR] /C:/Users/User/OneDrive/Desktop/Imp Plugins for antigravity/backend/src/main/java/com/krushikranti/service/CloudinaryService.java:[112,5] illegal start of type
[ERROR] /C:/Users/User/OneDrive/Desktop/Imp Plugins for antigravity/backend/src/main/java/com/krushikranti/service/CloudinaryService.java:[112,41] <identifier> expected
[INFO] 2 errors 
[INFO] -------------------------------------------------------------
[INFO] ------------------------------------------------------------------------
[INFO] BUILD FAILURE
[INFO] ------------------------------------------------------------------------
[INFO] Total time:  2.516 s
[INFO] Finished at: 2026-03-07T12:59:26+05:30
[INFO] ------------------------------------------------------------------------
[ERROR] Failed to execute goal org.apache.maven.plugins:maven-compiler-plugin:3.13.0:compile (default-compile) on project krushikranti-backend: Compilation failure: Compilation failure: 
[ERROR] /C:/Users/User/OneDrive/Desktop/Imp Plugins for antigravity/backend/src/main/java/com/krushikranti/service/CloudinaryService.java:[112,5] illegal start of type
[ERROR] /C:/Users/User/OneDrive/Desktop/Imp Plugins for antigravity/backend/src/main/java/com/krushikranti/service/CloudinaryService.java:[112,41] <identifier> expected
[ERROR] -> [Help 1]
[ERROR] 
[ERROR] To see the full stack trace of the errors, re-run Maven with the -e switch.
[ERROR] Re-run Maven using the -X switch to enable full debug logging.
[ERROR] 
[ERROR] For more information about the errors and possible solutions, please read the following articles:
[ERROR] [Help 1] http://cwiki.apache.org/confluence/display/MAVEN/MojoFailureException
